// Jest Snapshot v1, https://goo.gl/fbAQLP

exports[`Pruebas en GridItem debe de mostrar el componente correcatmente 1`] = `
<div
  className="card animate__animated animate__fadeInDownBig"
>
  <img
    alt="Un titulo"
    src="https://localhost/no-img.jpg"
  />
  <p>
    Un titulo
  </p>
</div>
`;
